// Jest Snapshot v1, https://goo.gl/fbAQLP

exports[`PageOverview renders correctly 1`] = `
.c2 {
  margin-bottom: 8px !important;
  font-size: 1.2rem;
  font-weight: 400;
  color: var(--almost-black);
}

.c3 {
  display: -webkit-box;
  display: -webkit-flex;
  display: -ms-flexbox;
  display: flex;
  -webkit-align-items: center;
  -webkit-box-align: center;
  -ms-flex-align: center;
  align-items: center;
  gap: 5px;
}

.c4 {
  border: 1px solid var(--light-gray);
  border-radius: 2px;
  height: 15px;
  width: 15px;
}

.c5 {
  margin: 0;
  color: var(--dark-gray);
}

.c6 {
  margin: 4px 2px 0 !important;
  padding: 0;
  font-size: 0.8rem;
  color: var(--light-gray);
}

.c1 {
  border: var(--border);
  border-radius: 8px;
  padding: 15px;
  display: grid;
  gap: 5px;
  -webkit-text-decoration: none;
  text-decoration: none;
}

.c7 {
  box-shadow: var(--strong-box-shadow);
  border-radius: 100%;
  height: 50px;
  width: 50px;
  background-color: var(--white);
  display: grid;
  place-items: center;
}

.c9 {
  position: relative !important;
  bottom: 0px !important;
  right: 0px !important;
  color: var(--CTA-blue);
}

.c9.rotate-back {
  -webkit-animation: 0.2s rotateBack ease-in-out;
  animation: 0.2s rotateBack ease-in-out;
}

.c0 {
  position: relative;
  height: calc(100vh - 50px - 10px);
  display: grid;
  gap: 10px;
  grid-auto-rows: minmax(min-content,max-content);
}

.c8 {
  position: absolute;
  bottom: 60px;
  right: 30px;
  z-index: var(--z-index-floating-item);
}

<div
  class="c0"
>
  <a
    class="c1"
    data-testid="shop-card"
    href="/shop/shopX"
  >
    <h2
      class="c2"
    >
      shopX
    </h2>
    <label
      class="c3"
    >
      <div
        class="c4"
      />
      <p
        class="c5"
      >
        itemA
      </p>
    </label>
    <p
      class="c6"
    >
      und 1 abgehakter Eintrag
    </p>
  </a>
  <a
    class="c1"
    data-testid="shop-card"
    href="/shop/shopY"
  >
    <h2
      class="c2"
    >
      shopY
    </h2>
    <label
      class="c3"
    >
      <div
        class="c4"
      />
      <p
        class="c5"
      >
        itemC
      </p>
    </label>
  </a>
  <div
    class="c7 c8"
  >
    <svg
      aria-hidden="true"
      class="MuiSvgIcon-root c9 c8"
      focusable="false"
      viewBox="0 0 24 24"
    >
      <path
        d="M3 18h18v-2H3v2zm0-5h18v-2H3v2zm0-7v2h18V6H3z"
      />
    </svg>
  </div>
</div>
`;
