// Jest Snapshot v1, https://goo.gl/fbAQLP

exports[`CheckedList renders the list correctly 1`] = `
.c1 {
  width: 75vw;
  display: -webkit-box;
  display: -webkit-flex;
  display: -ms-flexbox;
  display: flex;
  -webkit-align-items: center;
  -webkit-box-align: center;
  -ms-flex-align: center;
  align-items: center;
  opacity: 0.5;
}

.c2 {
  margin-left: 9px;
  -webkit-text-decoration: line-through;
  text-decoration: line-through;
  border: none;
}

.c2:focus {
  outline: none;
}

.c3 {
  margin-left: auto;
  -webkit-transform: scale(0.9);
  -ms-transform: scale(0.9);
  transform: scale(0.9);
  opacity: 0.4;
}

.c0 {
  margin: 3px 2px 10px 0;
  padding-top: 10px;
  padding-left: 26px;
  border-top: var(--border);
  display: grid;
}

<div
  class="c0"
>
  <label
    class="c1"
    data-testid="list-item"
  >
    <span
      aria-disabled="false"
      class="MuiButtonBase-root MuiIconButton-root PrivateSwitchBase-root-1 MuiCheckbox-root PrivateSwitchBase-checked-2 Mui-checked"
      data-testid="checkbox"
    >
      <span
        class="MuiIconButton-label"
      >
        <input
          checked=""
          class="PrivateSwitchBase-input-4"
          data-indeterminate="false"
          type="checkbox"
          value=""
        />
        <svg
          aria-hidden="true"
          class="MuiSvgIcon-root"
          focusable="false"
          viewBox="0 0 24 24"
        >
          <path
            d="M19 3H5c-1.11 0-2 .9-2 2v14c0 1.1.89 2 2 2h14c1.11 0 2-.9 2-2V5c0-1.1-.89-2-2-2zm-9 14l-5-5 1.41-1.41L10 14.17l7.59-7.59L19 8l-9 9z"
          />
        </svg>
      </span>
      <span
        class="MuiTouchRipple-root"
      />
    </span>
    <input
      class="c2"
      data-testid="title-list-item"
      value="itemB"
    />
    <svg
      aria-hidden="true"
      class="MuiSvgIcon-root c3"
      data-testid="delete-list-item"
      focusable="false"
      viewBox="0 0 24 24"
    >
      <path
        d="M19 6.41L17.59 5 12 10.59 6.41 5 5 6.41 10.59 12 5 17.59 6.41 19 12 13.41 17.59 19 19 17.59 13.41 12z"
      />
    </svg>
  </label>
</div>
`;
