// Jest Snapshot v1, https://goo.gl/fbAQLP

exports[`UncheckedList renders the list correctly 1`] = `
.c3 {
  width: 75vw;
  display: -webkit-box;
  display: -webkit-flex;
  display: -ms-flexbox;
  display: flex;
  -webkit-align-items: center;
  -webkit-box-align: center;
  -ms-flex-align: center;
  align-items: center;
  opacity: 1;
}

.c4 {
  margin-left: 9px;
  -webkit-text-decoration: none;
  text-decoration: none;
  border: none;
}

.c4:focus {
  outline: none;
}

.c5 {
  margin-left: auto;
  -webkit-transform: scale(0.9);
  -ms-transform: scale(0.9);
  transform: scale(0.9);
  opacity: 0.4;
}

.c1 {
  box-shadow: none;
  border-radius: 5px;
  background: var(--white);
  display: -webkit-box;
  display: -webkit-flex;
  display: -ms-flexbox;
  display: flex;
  -webkit-align-items: center;
  -webkit-box-align: center;
  -ms-flex-align: center;
  align-items: center;
}

.c2 {
  display: -webkit-box;
  display: -webkit-flex;
  display: -ms-flexbox;
  display: flex;
  -webkit-align-items: center;
  -webkit-box-align: center;
  -ms-flex-align: center;
  align-items: center;
  opacity: 0.3;
}

.c0 {
  margin: 3px 2px 10px;
  display: grid;
}

<div
  class="c0"
  data-rbd-droppable-context-id="0"
  data-rbd-droppable-id="listId"
>
  <div
    class="c1"
    data-rbd-draggable-context-id="0"
    data-rbd-draggable-id="a"
  >
    <div
      aria-describedby="rbd-hidden-text-0-hidden-text-0"
      class="c2"
      data-rbd-drag-handle-context-id="0"
      data-rbd-drag-handle-draggable-id="a"
      draggable="false"
      role="button"
      tabindex="0"
    >
      <svg
        aria-hidden="true"
        class="MuiSvgIcon-root"
        focusable="false"
        viewBox="0 0 24 24"
      >
        <path
          d="M11 18c0 1.1-.9 2-2 2s-2-.9-2-2 .9-2 2-2 2 .9 2 2zm-2-8c-1.1 0-2 .9-2 2s.9 2 2 2 2-.9 2-2-.9-2-2-2zm0-6c-1.1 0-2 .9-2 2s.9 2 2 2 2-.9 2-2-.9-2-2-2zm6 4c1.1 0 2-.9 2-2s-.9-2-2-2-2 .9-2 2 .9 2 2 2zm0 2c-1.1 0-2 .9-2 2s.9 2 2 2 2-.9 2-2-.9-2-2-2zm0 6c-1.1 0-2 .9-2 2s.9 2 2 2 2-.9 2-2-.9-2-2-2z"
        />
      </svg>
    </div>
    <label
      class="c3"
      data-testid="list-item"
    >
      <span
        aria-disabled="false"
        class="MuiButtonBase-root MuiIconButton-root PrivateSwitchBase-root-1 MuiCheckbox-root"
        data-testid="checkbox"
      >
        <span
          class="MuiIconButton-label"
        >
          <input
            class="PrivateSwitchBase-input-4"
            data-indeterminate="false"
            type="checkbox"
            value=""
          />
          <svg
            aria-hidden="true"
            class="MuiSvgIcon-root"
            focusable="false"
            viewBox="0 0 24 24"
          >
            <path
              d="M19 5v14H5V5h14m0-2H5c-1.1 0-2 .9-2 2v14c0 1.1.9 2 2 2h14c1.1 0 2-.9 2-2V5c0-1.1-.9-2-2-2z"
            />
          </svg>
        </span>
        <span
          class="MuiTouchRipple-root"
        />
      </span>
      <input
        class="c4"
        data-testid="title-list-item"
        value="Milch"
      />
      <svg
        aria-hidden="true"
        class="MuiSvgIcon-root c5"
        data-testid="delete-list-item"
        focusable="false"
        viewBox="0 0 24 24"
      >
        <path
          d="M19 6.41L17.59 5 12 10.59 6.41 5 5 6.41 10.59 12 5 17.59 6.41 19 12 13.41 17.59 19 19 17.59 13.41 12z"
        />
      </svg>
    </label>
  </div>
  <div
    class="c1"
    data-rbd-draggable-context-id="0"
    data-rbd-draggable-id="b"
  >
    <div
      aria-describedby="rbd-hidden-text-0-hidden-text-0"
      class="c2"
      data-rbd-drag-handle-context-id="0"
      data-rbd-drag-handle-draggable-id="b"
      draggable="false"
      role="button"
      tabindex="0"
    >
      <svg
        aria-hidden="true"
        class="MuiSvgIcon-root"
        focusable="false"
        viewBox="0 0 24 24"
      >
        <path
          d="M11 18c0 1.1-.9 2-2 2s-2-.9-2-2 .9-2 2-2 2 .9 2 2zm-2-8c-1.1 0-2 .9-2 2s.9 2 2 2 2-.9 2-2-.9-2-2-2zm0-6c-1.1 0-2 .9-2 2s.9 2 2 2 2-.9 2-2-.9-2-2-2zm6 4c1.1 0 2-.9 2-2s-.9-2-2-2-2 .9-2 2 .9 2 2 2zm0 2c-1.1 0-2 .9-2 2s.9 2 2 2 2-.9 2-2-.9-2-2-2zm0 6c-1.1 0-2 .9-2 2s.9 2 2 2 2-.9 2-2-.9-2-2-2z"
        />
      </svg>
    </div>
    <label
      class="c3"
      data-testid="list-item"
    >
      <span
        aria-disabled="false"
        class="MuiButtonBase-root MuiIconButton-root PrivateSwitchBase-root-1 MuiCheckbox-root"
        data-testid="checkbox"
      >
        <span
          class="MuiIconButton-label"
        >
          <input
            class="PrivateSwitchBase-input-4"
            data-indeterminate="false"
            type="checkbox"
            value=""
          />
          <svg
            aria-hidden="true"
            class="MuiSvgIcon-root"
            focusable="false"
            viewBox="0 0 24 24"
          >
            <path
              d="M19 5v14H5V5h14m0-2H5c-1.1 0-2 .9-2 2v14c0 1.1.9 2 2 2h14c1.1 0 2-.9 2-2V5c0-1.1-.9-2-2-2z"
            />
          </svg>
        </span>
        <span
          class="MuiTouchRipple-root"
        />
      </span>
      <input
        class="c4"
        data-testid="title-list-item"
        value="Butter"
      />
      <svg
        aria-hidden="true"
        class="MuiSvgIcon-root c5"
        data-testid="delete-list-item"
        focusable="false"
        viewBox="0 0 24 24"
      >
        <path
          d="M19 6.41L17.59 5 12 10.59 6.41 5 5 6.41 10.59 12 5 17.59 6.41 19 12 13.41 17.59 19 19 17.59 13.41 12z"
        />
      </svg>
    </label>
  </div>
  <div
    class="c1"
    data-rbd-draggable-context-id="0"
    data-rbd-draggable-id="c"
  >
    <div
      aria-describedby="rbd-hidden-text-0-hidden-text-0"
      class="c2"
      data-rbd-drag-handle-context-id="0"
      data-rbd-drag-handle-draggable-id="c"
      draggable="false"
      role="button"
      tabindex="0"
    >
      <svg
        aria-hidden="true"
        class="MuiSvgIcon-root"
        focusable="false"
        viewBox="0 0 24 24"
      >
        <path
          d="M11 18c0 1.1-.9 2-2 2s-2-.9-2-2 .9-2 2-2 2 .9 2 2zm-2-8c-1.1 0-2 .9-2 2s.9 2 2 2 2-.9 2-2-.9-2-2-2zm0-6c-1.1 0-2 .9-2 2s.9 2 2 2 2-.9 2-2-.9-2-2-2zm6 4c1.1 0 2-.9 2-2s-.9-2-2-2-2 .9-2 2 .9 2 2 2zm0 2c-1.1 0-2 .9-2 2s.9 2 2 2 2-.9 2-2-.9-2-2-2zm0 6c-1.1 0-2 .9-2 2s.9 2 2 2 2-.9 2-2-.9-2-2-2z"
        />
      </svg>
    </div>
    <label
      class="c3"
      data-testid="list-item"
    >
      <span
        aria-disabled="false"
        class="MuiButtonBase-root MuiIconButton-root PrivateSwitchBase-root-1 MuiCheckbox-root"
        data-testid="checkbox"
      >
        <span
          class="MuiIconButton-label"
        >
          <input
            class="PrivateSwitchBase-input-4"
            data-indeterminate="false"
            type="checkbox"
            value=""
          />
          <svg
            aria-hidden="true"
            class="MuiSvgIcon-root"
            focusable="false"
            viewBox="0 0 24 24"
          >
            <path
              d="M19 5v14H5V5h14m0-2H5c-1.1 0-2 .9-2 2v14c0 1.1.9 2 2 2h14c1.1 0 2-.9 2-2V5c0-1.1-.9-2-2-2z"
            />
          </svg>
        </span>
        <span
          class="MuiTouchRipple-root"
        />
      </span>
      <input
        class="c4"
        data-testid="title-list-item"
        value="Shampoo"
      />
      <svg
        aria-hidden="true"
        class="MuiSvgIcon-root c5"
        data-testid="delete-list-item"
        focusable="false"
        viewBox="0 0 24 24"
      >
        <path
          d="M19 6.41L17.59 5 12 10.59 6.41 5 5 6.41 10.59 12 5 17.59 6.41 19 12 13.41 17.59 19 19 17.59 13.41 12z"
        />
      </svg>
    </label>
  </div>
</div>
`;
