// Jest Snapshot v1, https://goo.gl/fbAQLP

exports[`ListItem shows the right item title 1`] = `
.c0 {
  display: -webkit-box;
  display: -webkit-flex;
  display: -ms-flexbox;
  display: flex;
  -webkit-align-items: center;
  -webkit-box-align: center;
  -ms-flex-align: center;
  align-items: center;
}

.c1 {
  margin-right: 10px;
  -webkit-transform: scale(1.5);
  -ms-transform: scale(1.5);
  transform: scale(1.5);
}

.c2 {
  margin-left: 10px;
}

<label
  class="c0"
>
  <input
    class="c1"
    type="checkbox"
  />
  <span
    class="c2"
  >
    Milk
  </span>
</label>
`;
