// Jest Snapshot v1, https://goo.gl/fbAQLP

exports[`Footer renders correctly 1`] = `
.c0 {
  height: 60px;
  max-width: 450px;
  background-color: var(--white);
  display: grid;
  place-items: center;
  box-shadow: var(--light-box-shadow-up);
}

.c1 {
  color: var(--dark-gray);
}

<div
  class="c0"
>
  <svg
    aria-hidden="true"
    class="MuiSvgIcon-root c1"
    data-testid="undo-button"
    focusable="false"
    viewBox="0 0 24 24"
    visibilityButtonUndo="shown"
  >
    <path
      d="M12.5 8c-2.65 0-5.05.99-6.9 2.6L2 7v9h9l-3.62-3.62c1.39-1.16 3.16-1.88 5.12-1.88 3.54 0 6.55 2.31 7.6 5.5l2.37-.78C21.08 11.03 17.15 8 12.5 8z"
    />
  </svg>
</div>
`;
