// Jest Snapshot v1, https://goo.gl/fbAQLP

exports[`Header renders correctly 1`] = `
.c0 {
  box-shadow: var(--light-box-shadow);
  height: 60px;
  max-width: 450px;
  background-color: var(--white);
  display: grid;
  place-items: center;
  grid-template-columns: 60px auto 60px;
}

.c1 {
  grid-column: 1;
  margin-top: 2px;
  color: var(--dark-gray);
}

.c2 {
  grid-column: 3;
  color: var(--dark-gray);
}

<div
  class="c0"
>
  <div
    class="c1"
    data-testid="back-button"
  >
    <svg
      aria-hidden="true"
      class="MuiSvgIcon-root"
      focusable="false"
      viewBox="0 0 24 24"
    >
      <path
        d="M20 11H7.83l5.59-5.59L12 4l-8 8 8 8 1.41-1.41L7.83 13H20v-2z"
      />
    </svg>
  </div>
  <svg
    aria-hidden="true"
    class="MuiSvgIcon-root c2"
    data-testid="menu-button"
    focusable="false"
    viewBox="0 0 24 24"
  >
    <path
      d="M12 8c1.1 0 2-.9 2-2s-.9-2-2-2-2 .9-2 2 .9 2 2 2zm0 2c-1.1 0-2 .9-2 2s.9 2 2 2 2-.9 2-2-.9-2-2-2zm0 6c-1.1 0-2 .9-2 2s.9 2 2 2 2-.9 2-2-.9-2-2-2z"
    />
  </svg>
</div>
`;
