// Jest Snapshot v1, https://goo.gl/fbAQLP

exports[`OverlayMenu renders correctly 1`] = `
.c1 {
  box-shadow: var(--light-box-shadow);
  border-radius: 3px;
  background-color: var(--white);
  padding: 20px;
  display: grid;
  justify-items: start;
}

.c3 {
  display: -webkit-box;
  display: -webkit-flex;
  display: -ms-flexbox;
  display: flex;
  -webkit-align-items: center;
  -webkit-box-align: center;
  -ms-flex-align: center;
  align-items: center;
  gap: 10px;
  -webkit-text-decoration: none;
  text-decoration: none;
  color: var(--warning-red);
}

.c0 {
  position: absolute;
  z-index: var(--z-index-overlay);
  top: 0;
  left: 0;
  height: 100%;
  width: 100%;
}

.c2 {
  position: absolute;
  z-index: var(--z-index-item-on-overlay);
  top: 45px;
  right: 0;
}

<div
  class="c0"
  data-testid="background"
>
  <div
    class="c1 c2"
  >
    <a
      aria-current="page"
      class="c3 active"
      data-testid="delete-button"
      href="/"
    >
      <svg
        aria-hidden="true"
        class="MuiSvgIcon-root"
        focusable="false"
        viewBox="0 0 24 24"
      >
        <path
          d="M6 19c0 1.1.9 2 2 2h8c1.1 0 2-.9 2-2V7H6v12zm2.46-7.12l1.41-1.41L12 12.59l2.12-2.12 1.41 1.41L13.41 14l2.12 2.12-1.41 1.41L12 15.41l-2.12 2.12-1.41-1.41L10.59 14l-2.13-2.12zM15.5 4l-1-1h-5l-1 1H5v2h14V4z"
        />
      </svg>
      Liste unwiderruflich l√∂schen
    </a>
  </div>
</div>
`;
