// Jest Snapshot v1, https://goo.gl/fbAQLP

exports[`ButtonCircle renders correctly 1`] = `
.c0 {
  box-shadow: var(--strong-box-shadow);
  border-radius: 100%;
  height: 50px;
  width: 50px;
  background-color: var(--white);
  display: grid;
  place-items: center;
  color: var(--CTA-blue);
}

.c0.primary {
  background-color: var(--CTA-blue);
  color: var(--white);
}

.c0.small {
  height: 40px;
  width: 40px;
}

<div
  class="c0"
  data-testid="button"
>
  <svg
    aria-hidden="true"
    class="MuiSvgIcon-root"
    focusable="false"
    viewBox="0 0 24 24"
  >
    <path
      d="M17 19.22H5V7h7V5H5c-1.1 0-2 .9-2 2v12c0 1.1.9 2 2 2h12c1.1 0 2-.9 2-2v-7h-2v7.22z"
    />
    <path
      d="M19 2h-2v3h-3c.01.01 0 2 0 2h3v2.99c.01.01 2 0 2 0V7h3V5h-3V2zM7 9h8v2H7zM7 12v2h8v-2h-3zM7 15h8v2H7z"
    />
  </svg>
</div>
`;
