// Jest Snapshot v1, https://goo.gl/fbAQLP

exports[`OverlayNavigation renders correctly 1`] = `
.c0 {
  height: 100%;
  width: 100%;
  background-color: var(--white);
  opacity: 0.8;
}

<div
  class="c0"
  data-testid="opaque-background"
/>
`;
