// Jest Snapshot v1, https://goo.gl/fbAQLP

exports[`ShopCard renders correctly 1`] = `
.c1 {
  font-size: 1.2rem;
  font-weight: 400;
  color: var(--almost-black);
}

.c3 {
  display: -webkit-box;
  display: -webkit-flex;
  display: -ms-flexbox;
  display: flex;
  -webkit-align-items: center;
  -webkit-box-align: center;
  -ms-flex-align: center;
  align-items: center;
  gap: 5px;
}

.c4 {
  border: 1px solid var(--light-gray);
  border-radius: 2px;
  height: 15px;
  width: 15px;
}

.c5 {
  margin: 0;
  color: var(--dark-gray);
}

.c6 {
  margin: 0;
  font-size: 0.8rem;
  color: var(--light-gray);
}

.c0 {
  border: var(--border);
  border-radius: 8px;
  padding: 15px;
  display: grid;
  gap: 5px;
}

.c2 {
  margin-bottom: 8px;
}

.c7 {
  margin: 4px 2px 0;
}

<div
  class="c0"
  data-testid="shop-card"
>
  <h2
    class="c1 c2"
  >
    shopX
  </h2>
  <label
    class="c3"
  >
    <div
      class="c4"
    />
    <p
      class="c5"
    >
      itemA
    </p>
  </label>
  <p
    class="c6 c7"
  >
    und 1 abgehakter Eintrag
  </p>
</div>
`;
